// Vitest Snapshot v1, https://vitest.dev/guide/snapshot.html

exports[`renders Mainpage component correctly 1`] = `
<div>
  <div
    class="_wrapper_2a47db"
    style="background-color: white;"
  >
    <div>
      <h3
        class="_label_71d640"
      >
        Gjest
      </h3>
      <div
        class="_userMenu_71d640"
      >
        <div
          class="card flex justify-content-center"
        >
          <div
            aria-controls="popup_menu_right"
            aria-haspopup="true"
            class="p-avatar p-component p-avatar-circle p-avatar-clickable"
            data-pc-name="avatar"
            data-pc-section="root"
            style="background-color: rgb(34, 117, 195); color: white; border: 1px solid black; width: 40px; height: 40px;"
            tabindex="0"
          >
            <span
              class="p-avatar-icon pi pi-user"
              data-pc-section="icon"
            />
          </div>
        </div>
      </div>
    </div>
    <div>
      <div
        class="_titleAndLogoContainer_2a47db"
      >
        <div
          class="_titleAndSubtitle_9c7844"
        >
          <a
            class="_pageLink_9c7844"
            href="/project2"
          >
            <div
              class="_linkContainer_7406a3"
            >
              <div
                class="_imageContainer_7406a3"
              >
                <img
                  alt="Kylling&Ris logo"
                  class="_logo_9c7844 _logo_7406a3"
                  src="/project2/src/assets/logo.svg"
                />
              </div>
              <div
                class="_titleAndSubtitle_7406a3"
              >
                <h1
                  class="_pageTitleBlue_9c7844"
                >
                  Kylling
                  <span
                    class="_pageTitleRed_9c7844"
                  >
                    &
                  </span>
                  Ris
                </h1>
                <h3
                  class="_subtitle_7406a3"
                >
                  Kaloriteller
                </h3>
              </div>
            </div>
          </a>
        </div>
      </div>
      <div
        class="p-tabview p-component"
        data-pc-name="tabview"
        data-pc-section="root"
        id="pr_id_2"
      >
        <div
          class="p-tabview-nav-container"
          data-pc-section="navcontainer"
        >
          <div
            class="p-tabview-nav-content"
            data-pc-section="navcontent"
            id="pr_id_2"
          >
            <ul
              class="p-tabview-nav"
              data-pc-section="nav"
              role="tablist"
            >
              <li
                class="p-unselectable-text p-tabview-selected p-highlight"
                data-pc-name=""
                data-pc-section="header"
                role="presentation"
              >
                <a
                  aria-controls="pr_id_2_content_0"
                  aria-selected="true"
                  class="p-tabview-nav-link"
                  data-pc-section="headeraction"
                  id="pr_id_2_header_0"
                  role="tab"
                  tabindex="0"
                >
                  <span
                    class="pi pi-search-plus"
                  />
                  <span
                    class="p-tabview-title"
                    data-pc-section="headertitle"
                  >
                    Søk
                  </span>
                </a>
              </li>
              <li
                class="p-unselectable-text"
                data-pc-name=""
                data-pc-section="header"
                role="presentation"
              >
                <a
                  aria-controls="pr_id_2_content_1"
                  aria-selected="false"
                  class="p-tabview-nav-link"
                  data-pc-section="headeraction"
                  id="pr_id_2_header_1"
                  role="tab"
                  tabindex="0"
                >
                  <span
                    class="pi pi-list"
                  />
                  <span
                    class="p-tabview-title"
                    data-pc-section="headertitle"
                  >
                    Logg
                  </span>
                </a>
              </li>
              <li
                class="p-tabview-ink-bar"
                data-pc-section="inkbar"
                style="left: 0px;"
              />
            </ul>
          </div>
        </div>
        <div
          class="p-tabview-panels"
          data-pc-section="panelcontainer"
        >
          <div
            aria-hidden="false"
            aria-labelledby="pr_id_2_header_0"
            class="p-tabview-panel"
            data-pc-name=""
            data-pc-section="content"
            id="pr_id_2_content_0"
            role="tabpanel"
          >
            <div
              class="_searchAndLogoCard_2a47db"
            >
              <div
                class="_search_2a47db"
              >
                <div
                  class="_foodSearch_2b2027"
                >
                  <div
                    class="_searchBar_2b2027"
                  >
                    <svg
                      class="_searchIcon_2b2027"
                      data-testid="search-icon"
                      fill="currentColor"
                      height="40"
                      stroke="currentColor"
                      stroke-width="0"
                      viewBox="0 0 512 512"
                      width="40"
                      xmlns="http://www.w3.org/2000/svg"
                    >
                      <path
                        d="M456.69 421.39L362.6 327.3a173.81 173.81 0 0034.84-104.58C397.44 126.38 319.06 48 222.72 48S48 126.38 48 222.72s78.38 174.72 174.72 174.72A173.81 173.81 0 00327.3 362.6l94.09 94.09a25 25 0 0035.3-35.3zM97.92 222.72a124.8 124.8 0 11124.8 124.8 124.95 124.95 0 01-124.8-124.8z"
                      />
                    </svg>
                    <input
                      aria-label="Søk"
                      data-testid="search-bar"
                      placeholder="Søk"
                      value=""
                    />
                    <div
                      class="_filterWrapper_2b2027"
                      data-headlessui-state=""
                    >
                      <button
                        aria-expanded="false"
                        aria-label="Filter"
                        class="_filterButton_2b2027"
                        data-headlessui-state=""
                        data-testid="filter-button"
                        id="headlessui-popover-button-:r0:"
                        type="button"
                      >
                        <svg
                          aria-hidden="true"
                          class="_filterImage_2b2027"
                          fill="none"
                          height="40"
                          stroke="currentColor"
                          stroke-width="1.5"
                          viewBox="0 0 24 24"
                          width="40"
                          xmlns="http://www.w3.org/2000/svg"
                        >
                          <path
                            d="M10.5 6h9.75M10.5 6a1.5 1.5 0 11-3 0m3 0a1.5 1.5 0 10-3 0M3.75 6H7.5m3 12h9.75m-9.75 0a1.5 1.5 0 01-3 0m3 0a1.5 1.5 0 00-3 0m-3.75 0H7.5m9-6h3.75m-3.75 0a1.5 1.5 0 01-3 0m3 0a1.5 1.5 0 00-3 0m-9.75 0h9.75"
                            stroke-linecap="round"
                            stroke-linejoin="round"
                          />
                        </svg>
                      </button>
                    </div>
                    <div
                      style="position: fixed; top: 1px; left: 1px; width: 1px; height: 0px; padding: 0px; margin: -1px; overflow: hidden; clip: rect(0px, 0px, 0px, 0px); white-space: nowrap; border-width: 0px; display: none;"
                    />
                  </div>
                  <div
                    class="_searchResults_181750"
                  >
                    <div
                      class="infinite-scroll-component__outerdiv"
                    >
                      <div
                        class="infinite-scroll-component _invisibleScrollbar_181750"
                        style="height: 700px; overflow: auto;"
                      />
                    </div>
                  </div>
                </div>
              </div>
            </div>
          </div>
        </div>
      </div>
    </div>
  </div>
</div>
`;
